{"name":"Observa Internal Company","url":"https://www.observanow.com/internal/company/","status":"up","datetime":"9/30/2025, 3:05:06 PM"}
{"name":"Observa Internal Company","url":"https://www.observanow.com/internal/company/","status":"up","datetime":"9/30/2025, 3:05:06 PM"}
{"name":"Google","url":"https://www.google.com","status":"up","datetime":"9/30/2025, 3:10:06 PM"}
{"name":"Google","url":"https://www.google.com","status":"up","datetime":"9/30/2025, 3:10:06 PM"}
{"name":"GitHub","url":"https://github.com","status":"up","datetime":"9/30/2025, 3:10:06 PM"}
{"name":"GitHub","url":"https://github.com","status":"up","datetime":"9/30/2025, 3:10:06 PM"}
{"name":"Observa","url":"https://observanow.com","status":"up","datetime":"9/30/2025, 3:10:06 PM"}
{"name":"Observa","url":"https://observanow.com","status":"up","datetime":"9/30/2025, 3:10:06 PM"}
{"name":"API Server","url":"http://20.29.187.121","status":"up","datetime":"9/30/2025, 3:10:06 PM"}
{"name":"API Server","url":"http://20.29.187.121","status":"up","datetime":"9/30/2025, 3:10:06 PM"}
{"name":"Observa API","url":"https://www.observanow.com/api2/","status":"up","datetime":"9/30/2025, 3:10:06 PM"}
{"name":"Observa API","url":"https://www.observanow.com/api2/","status":"up","datetime":"9/30/2025, 3:10:07 PM"}
{"name":"Observa Internal Company","url":"https://www.observanow.com/internal/company/","status":"up","datetime":"9/30/2025, 3:10:07 PM"}
{"name":"Observa Internal Company","url":"https://www.observanow.com/internal/company/","status":"up","datetime":"9/30/2025, 3:10:07 PM"}
{"name":"Google","url":"https://www.google.com","status":"up","datetime":"9/30/2025, 3:15:06 PM"}
{"name":"Google","url":"https://www.google.com","status":"up","datetime":"9/30/2025, 3:15:06 PM"}
{"name":"GitHub","url":"https://github.com","status":"up","datetime":"9/30/2025, 3:15:06 PM"}
{"name":"GitHub","url":"https://github.com","status":"up","datetime":"9/30/2025, 3:15:06 PM"}
{"name":"Observa","url":"https://observanow.com","status":"up","datetime":"9/30/2025, 3:15:06 PM"}
{"name":"Observa","url":"https://observanow.com","status":"up","datetime":"9/30/2025, 3:15:06 PM"}
{"name":"API Server","url":"http://20.29.187.121","status":"up","datetime":"9/30/2025, 3:15:06 PM"}
{"name":"API Server","url":"http://20.29.187.121","status":"up","datetime":"9/30/2025, 3:15:06 PM"}
{"name":"Observa API","url":"https://www.observanow.com/api2/","status":"up","datetime":"9/30/2025, 3:15:07 PM"}
{"name":"Observa API","url":"https://www.observanow.com/api2/","status":"up","datetime":"9/30/2025, 3:15:07 PM"}
{"name":"Observa Internal Company","url":"https://www.observanow.com/internal/company/","status":"up","datetime":"9/30/2025, 3:15:07 PM"}
{"name":"Observa Internal Company","url":"https://www.observanow.com/internal/company/","status":"up","datetime":"9/30/2025, 3:15:07 PM"}
{"name":"Google","url":"https://www.google.com","status":"up","datetime":"9/30/2025, 3:20:06 PM"}
{"name":"Google","url":"https://www.google.com","status":"up","datetime":"9/30/2025, 3:20:06 PM"}
{"name":"GitHub","url":"https://github.com","status":"up","datetime":"9/30/2025, 3:20:06 PM"}
{"name":"GitHub","url":"https://github.com","status":"up","datetime":"9/30/2025, 3:20:06 PM"}
{"name":"Observa","url":"https://observanow.com","status":"up","datetime":"9/30/2025, 3:20:06 PM"}
{"name":"Observa","url":"https://observanow.com","status":"up","datetime":"9/30/2025, 3:20:06 PM"}
{"name":"API Server","url":"http://20.29.187.121","status":"up","datetime":"9/30/2025, 3:20:06 PM"}
{"name":"API Server","url":"http://20.29.187.121","status":"up","datetime":"9/30/2025, 3:20:06 PM"}
{"name":"Observa API","url":"https://www.observanow.com/api2/","status":"up","datetime":"9/30/2025, 3:20:06 PM"}
{"name":"Observa API","url":"https://www.observanow.com/api2/","status":"up","datetime":"9/30/2025, 3:20:06 PM"}
{"name":"Observa Internal Company","url":"https://www.observanow.com/internal/company/","status":"up","datetime":"9/30/2025, 3:20:06 PM"}
{"name":"Observa Internal Company","url":"https://www.observanow.com/internal/company/","status":"up","datetime":"9/30/2025, 3:20:06 PM"}
{"name":"Google","url":"https://www.google.com","status":"up","datetime":"9/30/2025, 3:25:06 PM"}
{"name":"Google","url":"https://www.google.com","status":"up","datetime":"9/30/2025, 3:25:06 PM"}
{"name":"GitHub","url":"https://github.com","status":"up","datetime":"9/30/2025, 3:25:06 PM"}
{"name":"GitHub","url":"https://github.com","status":"up","datetime":"9/30/2025, 3:25:06 PM"}
{"name":"Observa","url":"https://observanow.com","status":"up","datetime":"9/30/2025, 3:25:06 PM"}
{"name":"Observa","url":"https://observanow.com","status":"up","datetime":"9/30/2025, 3:25:06 PM"}
{"name":"API Server","url":"http://20.29.187.121","status":"up","datetime":"9/30/2025, 3:25:06 PM"}
{"name":"API Server","url":"http://20.29.187.121","status":"up","datetime":"9/30/2025, 3:25:06 PM"}
{"name":"Observa API","url":"https://www.observanow.com/api2/","status":"up","datetime":"9/30/2025, 3:25:06 PM"}
{"name":"Observa API","url":"https://www.observanow.com/api2/","status":"up","datetime":"9/30/2025, 3:25:06 PM"}
{"name":"Observa Internal Company","url":"https://www.observanow.com/internal/company/","status":"up","datetime":"9/30/2025, 3:25:06 PM"}
{"name":"Observa Internal Company","url":"https://www.observanow.com/internal/company/","status":"up","datetime":"9/30/2025, 3:25:06 PM"}
{"name":"Google","url":"https://www.google.com","status":"up","datetime":"9/30/2025, 3:30:06 PM"}
{"name":"Google","url":"https://www.google.com","status":"up","datetime":"9/30/2025, 3:30:06 PM"}
{"name":"GitHub","url":"https://github.com","status":"up","datetime":"9/30/2025, 3:30:06 PM"}
{"name":"GitHub","url":"https://github.com","status":"up","datetime":"9/30/2025, 3:30:06 PM"}
{"name":"Observa","url":"https://observanow.com","status":"up","datetime":"9/30/2025, 3:30:06 PM"}
{"name":"API Server","url":"http://20.29.187.121","status":"up","datetime":"9/30/2025, 3:30:06 PM"}
{"name":"Observa","url":"https://observanow.com","status":"up","datetime":"9/30/2025, 3:30:06 PM"}
{"name":"API Server","url":"http://20.29.187.121","status":"up","datetime":"9/30/2025, 3:30:06 PM"}
{"name":"Observa API","url":"https://www.observanow.com/api2/","status":"up","datetime":"9/30/2025, 3:30:07 PM"}
{"name":"Observa API","url":"https://www.observanow.com/api2/","status":"up","datetime":"9/30/2025, 3:30:07 PM"}
{"name":"Observa Internal Company","url":"https://www.observanow.com/internal/company/","status":"up","datetime":"9/30/2025, 3:30:07 PM"}
{"name":"Observa Internal Company","url":"https://www.observanow.com/internal/company/","status":"up","datetime":"9/30/2025, 3:30:07 PM"}
{"name":"Google","url":"https://www.google.com","status":"up","datetime":"9/30/2025, 3:35:06 PM"}
{"name":"Google","url":"https://www.google.com","status":"up","datetime":"9/30/2025, 3:35:06 PM"}
{"name":"GitHub","url":"https://github.com","status":"up","datetime":"9/30/2025, 3:35:06 PM"}
{"name":"GitHub","url":"https://github.com","status":"up","datetime":"9/30/2025, 3:35:06 PM"}
{"name":"Observa","url":"https://observanow.com","status":"up","datetime":"9/30/2025, 3:35:06 PM"}
{"name":"Observa","url":"https://observanow.com","status":"up","datetime":"9/30/2025, 3:35:06 PM"}
{"name":"API Server","url":"http://20.29.187.121","status":"up","datetime":"9/30/2025, 3:35:06 PM"}
{"name":"API Server","url":"http://20.29.187.121","status":"up","datetime":"9/30/2025, 3:35:06 PM"}
{"name":"Observa API","url":"https://www.observanow.com/api2/","status":"up","datetime":"9/30/2025, 3:35:06 PM"}
{"name":"Observa API","url":"https://www.observanow.com/api2/","status":"up","datetime":"9/30/2025, 3:35:06 PM"}
{"name":"Observa Internal Company","url":"https://www.observanow.com/internal/company/","status":"up","datetime":"9/30/2025, 3:35:06 PM"}
{"name":"Observa Internal Company","url":"https://www.observanow.com/internal/company/","status":"up","datetime":"9/30/2025, 3:35:06 PM"}
{"name":"Google","url":"https://www.google.com","status":"up","datetime":"9/30/2025, 3:40:06 PM"}
{"name":"Google","url":"https://www.google.com","status":"up","datetime":"9/30/2025, 3:40:06 PM"}
{"name":"GitHub","url":"https://github.com","status":"up","datetime":"9/30/2025, 3:40:06 PM"}
{"name":"GitHub","url":"https://github.com","status":"up","datetime":"9/30/2025, 3:40:06 PM"}
{"name":"Observa","url":"https://observanow.com","status":"up","datetime":"9/30/2025, 3:40:06 PM"}
{"name":"Observa","url":"https://observanow.com","status":"up","datetime":"9/30/2025, 3:40:06 PM"}
{"name":"API Server","url":"http://20.29.187.121","status":"up","datetime":"9/30/2025, 3:40:06 PM"}
{"name":"API Server","url":"http://20.29.187.121","status":"up","datetime":"9/30/2025, 3:40:06 PM"}
{"name":"Observa API","url":"https://www.observanow.com/api2/","status":"up","datetime":"9/30/2025, 3:40:06 PM"}
{"name":"Observa Internal Company","url":"https://www.observanow.com/internal/company/","status":"up","datetime":"9/30/2025, 3:40:06 PM"}
{"name":"Observa API","url":"https://www.observanow.com/api2/","status":"up","datetime":"9/30/2025, 3:40:06 PM"}
{"name":"Observa Internal Company","url":"https://www.observanow.com/internal/company/","status":"up","datetime":"9/30/2025, 3:40:06 PM"}
{"name":"Google","url":"https://www.google.com","status":"up","datetime":"9/30/2025, 3:57:13 PM"}
{"name":"Google","url":"https://www.google.com","status":"up","datetime":"9/30/2025, 3:57:13 PM"}
{"name":"GitHub","url":"https://github.com","status":"up","datetime":"9/30/2025, 3:57:14 PM"}
{"name":"GitHub","url":"https://github.com","status":"up","datetime":"9/30/2025, 3:57:14 PM"}
{"name":"Observa","url":"https://observanow.com","status":"up","datetime":"9/30/2025, 3:57:14 PM"}
{"name":"Observa","url":"https://observanow.com","status":"up","datetime":"9/30/2025, 3:57:14 PM"}
{"name":"API Server","url":"http://20.29.187.121","status":"up","datetime":"9/30/2025, 3:57:14 PM"}
{"name":"API Server","url":"http://20.29.187.121","status":"up","datetime":"9/30/2025, 3:57:14 PM"}
{"name":"Observa API","url":"https://www.observanow.com/api2/","status":"up","datetime":"9/30/2025, 3:57:14 PM"}
{"name":"Observa API","url":"https://www.observanow.com/api2/","status":"up","datetime":"9/30/2025, 3:57:14 PM"}
{"name":"Observa Internal Company","url":"https://www.observanow.com/internal/company/","status":"up","datetime":"9/30/2025, 3:57:14 PM"}
{"name":"Observa Internal Company","url":"https://www.observanow.com/internal/company/","status":"up","datetime":"9/30/2025, 3:57:14 PM"}
{"name":"Google","url":"https://www.google.com","status":"up","datetime":"9/30/2025, 4:07:35 PM"}
{"name":"Google","url":"https://www.google.com","status":"up","datetime":"9/30/2025, 4:07:35 PM"}
{"name":"GitHub","url":"https://github.com","status":"up","datetime":"9/30/2025, 4:07:35 PM"}
{"name":"GitHub","url":"https://github.com","status":"up","datetime":"9/30/2025, 4:07:35 PM"}
{"name":"Observa","url":"https://observanow.com","status":"up","datetime":"9/30/2025, 4:07:35 PM"}
{"name":"Observa","url":"https://observanow.com","status":"up","datetime":"9/30/2025, 4:07:35 PM"}
{"name":"API Server","url":"http://20.29.187.121","status":"up","datetime":"9/30/2025, 4:07:35 PM"}
{"name":"API Server","url":"http://20.29.187.121","status":"up","datetime":"9/30/2025, 4:07:35 PM"}
{"name":"Observa API","url":"https://www.observanow.com/api2/","status":"up","datetime":"9/30/2025, 4:07:36 PM"}
{"name":"Observa API","url":"https://www.observanow.com/api2/","status":"up","datetime":"9/30/2025, 4:07:36 PM"}
{"name":"Observa Internal Company","url":"https://www.observanow.com/internal/company/","status":"up","datetime":"9/30/2025, 4:07:36 PM"}
{"name":"Observa Internal Company","url":"https://www.observanow.com/internal/company/","status":"up","datetime":"9/30/2025, 4:07:36 PM"}
{"name":"Google","url":"https://www.google.com","status":"up","datetime":"9/30/2025, 4:24:33 PM"}
{"name":"Google","url":"https://www.google.com","status":"up","datetime":"9/30/2025, 4:24:33 PM"}
{"name":"GitHub","url":"https://github.com","status":"up","datetime":"9/30/2025, 4:24:33 PM"}
{"name":"GitHub","url":"https://github.com","status":"up","datetime":"9/30/2025, 4:24:33 PM"}
{"name":"Observa","url":"https://observanow.com","status":"up","datetime":"9/30/2025, 4:24:33 PM"}
{"name":"Observa","url":"https://observanow.com","status":"up","datetime":"9/30/2025, 4:24:33 PM"}
{"name":"API Server","url":"http://20.29.187.121","status":"up","datetime":"9/30/2025, 4:24:33 PM"}
{"name":"API Server","url":"http://20.29.187.121","status":"up","datetime":"9/30/2025, 4:24:33 PM"}
{"name":"Observa API","url":"https://www.observanow.com/api2/","status":"up","datetime":"9/30/2025, 4:24:34 PM"}
{"name":"Observa API","url":"https://www.observanow.com/api2/","status":"up","datetime":"9/30/2025, 4:24:34 PM"}
{"name":"Observa Internal Company","url":"https://www.observanow.com/internal/company/","status":"up","datetime":"9/30/2025, 4:24:34 PM"}
{"name":"Observa Internal Company","url":"https://www.observanow.com/internal/company/","status":"up","datetime":"9/30/2025, 4:24:34 PM"}
{"name":"Google","url":"https://www.google.com","status":"up","datetime":"9/30/2025, 4:29:32 PM"}
{"name":"Google","url":"https://www.google.com","status":"up","datetime":"9/30/2025, 4:29:33 PM"}
{"name":"GitHub","url":"https://github.com","status":"up","datetime":"9/30/2025, 4:29:33 PM"}
{"name":"GitHub","url":"https://github.com","status":"up","datetime":"9/30/2025, 4:29:33 PM"}
{"name":"Observa","url":"https://observanow.com","status":"up","datetime":"9/30/2025, 4:29:33 PM"}
{"name":"Observa","url":"https://observanow.com","status":"up","datetime":"9/30/2025, 4:29:33 PM"}
{"name":"API Server","url":"http://20.29.187.121","status":"up","datetime":"9/30/2025, 4:29:33 PM"}
{"name":"API Server","url":"http://20.29.187.121","status":"up","datetime":"9/30/2025, 4:29:33 PM"}
{"name":"Observa API","url":"https://www.observanow.com/api2/","status":"up","datetime":"9/30/2025, 4:29:33 PM"}
{"name":"Observa API","url":"https://www.observanow.com/api2/","status":"up","datetime":"9/30/2025, 4:29:33 PM"}
{"name":"Observa Internal Company","url":"https://www.observanow.com/internal/company/","status":"up","datetime":"9/30/2025, 4:29:33 PM"}
{"name":"Observa Internal Company","url":"https://www.observanow.com/internal/company/","status":"up","datetime":"9/30/2025, 4:29:33 PM"}
{"name":"Google","url":"https://www.google.com","status":"up","datetime":"9/30/2025, 4:34:33 PM"}
{"name":"Google","url":"https://www.google.com","status":"up","datetime":"9/30/2025, 4:34:33 PM"}
{"name":"GitHub","url":"https://github.com","status":"up","datetime":"9/30/2025, 4:34:33 PM"}
{"name":"GitHub","url":"https://github.com","status":"up","datetime":"9/30/2025, 4:34:33 PM"}
{"name":"Observa","url":"https://observanow.com","status":"up","datetime":"9/30/2025, 4:34:33 PM"}
{"name":"Observa","url":"https://observanow.com","status":"up","datetime":"9/30/2025, 4:34:33 PM"}
{"name":"API Server","url":"http://20.29.187.121","status":"up","datetime":"9/30/2025, 4:34:33 PM"}
{"name":"API Server","url":"http://20.29.187.121","status":"up","datetime":"9/30/2025, 4:34:33 PM"}
{"name":"Observa API","url":"https://www.observanow.com/api2/","status":"up","datetime":"9/30/2025, 4:34:33 PM"}
{"name":"Observa API","url":"https://www.observanow.com/api2/","status":"up","datetime":"9/30/2025, 4:34:33 PM"}
{"name":"Observa Internal Company","url":"https://www.observanow.com/internal/company/","status":"up","datetime":"9/30/2025, 4:34:33 PM"}
{"name":"Observa Internal Company","url":"https://www.observanow.com/internal/company/","status":"up","datetime":"9/30/2025, 4:34:33 PM"}
{"name":"Google","url":"https://www.google.com","status":"up","datetime":"9/30/2025, 4:39:33 PM"}
{"name":"Google","url":"https://www.google.com","status":"up","datetime":"9/30/2025, 4:39:33 PM"}
{"name":"GitHub","url":"https://github.com","status":"up","datetime":"9/30/2025, 4:39:33 PM"}
{"name":"GitHub","url":"https://github.com","status":"up","datetime":"9/30/2025, 4:39:33 PM"}
{"name":"Observa","url":"https://observanow.com","status":"up","datetime":"9/30/2025, 4:39:33 PM"}
{"name":"Observa","url":"https://observanow.com","status":"up","datetime":"9/30/2025, 4:39:33 PM"}
{"name":"API Server","url":"http://20.29.187.121","status":"up","datetime":"9/30/2025, 4:39:33 PM"}
{"name":"API Server","url":"http://20.29.187.121","status":"up","datetime":"9/30/2025, 4:39:33 PM"}
{"name":"Observa API","url":"https://www.observanow.com/api2/","status":"up","datetime":"9/30/2025, 4:39:33 PM"}
{"name":"Observa API","url":"https://www.observanow.com/api2/","status":"up","datetime":"9/30/2025, 4:39:33 PM"}
{"name":"Observa Internal Company","url":"https://www.observanow.com/internal/company/","status":"up","datetime":"9/30/2025, 4:39:33 PM"}
{"name":"Observa Internal Company","url":"https://www.observanow.com/internal/company/","status":"up","datetime":"9/30/2025, 4:39:33 PM"}
{"name":"Google","url":"https://www.google.com","status":"up","datetime":"9/30/2025, 4:44:32 PM"}
{"name":"Google","url":"https://www.google.com","status":"up","datetime":"9/30/2025, 4:44:32 PM"}
{"name":"GitHub","url":"https://github.com","status":"up","datetime":"9/30/2025, 4:44:33 PM"}
{"name":"GitHub","url":"https://github.com","status":"up","datetime":"9/30/2025, 4:44:33 PM"}
{"name":"Observa","url":"https://observanow.com","status":"up","datetime":"9/30/2025, 4:44:33 PM"}
{"name":"Observa","url":"https://observanow.com","status":"up","datetime":"9/30/2025, 4:44:33 PM"}
{"name":"API Server","url":"http://20.29.187.121","status":"up","datetime":"9/30/2025, 4:44:33 PM"}
{"name":"API Server","url":"http://20.29.187.121","status":"up","datetime":"9/30/2025, 4:44:33 PM"}
{"name":"Observa API","url":"https://www.observanow.com/api2/","status":"up","datetime":"9/30/2025, 4:44:33 PM"}
{"name":"Observa API","url":"https://www.observanow.com/api2/","status":"up","datetime":"9/30/2025, 4:44:33 PM"}
{"name":"Observa Internal Company","url":"https://www.observanow.com/internal/company/","status":"up","datetime":"9/30/2025, 4:44:33 PM"}
{"name":"Observa Internal Company","url":"https://www.observanow.com/internal/company/","status":"up","datetime":"9/30/2025, 4:44:33 PM"}
{"name":"Google","url":"https://www.google.com","status":"up","datetime":"9/30/2025, 4:49:33 PM"}
{"name":"Google","url":"https://www.google.com","status":"up","datetime":"9/30/2025, 4:49:33 PM"}
{"name":"GitHub","url":"https://github.com","status":"up","datetime":"9/30/2025, 4:49:33 PM"}
{"name":"GitHub","url":"https://github.com","status":"up","datetime":"9/30/2025, 4:49:33 PM"}
{"name":"Observa","url":"https://observanow.com","status":"up","datetime":"9/30/2025, 4:49:33 PM"}
{"name":"Observa","url":"https://observanow.com","status":"up","datetime":"9/30/2025, 4:49:33 PM"}
{"name":"API Server","url":"http://20.29.187.121","status":"up","datetime":"9/30/2025, 4:49:33 PM"}
{"name":"API Server","url":"http://20.29.187.121","status":"up","datetime":"9/30/2025, 4:49:33 PM"}
{"name":"Observa API","url":"https://www.observanow.com/api2/","status":"up","datetime":"9/30/2025, 4:49:33 PM"}
{"name":"Observa API","url":"https://www.observanow.com/api2/","status":"up","datetime":"9/30/2025, 4:49:33 PM"}
{"name":"Observa Internal Company","url":"https://www.observanow.com/internal/company/","status":"up","datetime":"9/30/2025, 4:49:33 PM"}
{"name":"Observa Internal Company","url":"https://www.observanow.com/internal/company/","status":"up","datetime":"9/30/2025, 4:49:33 PM"}
{"name":"Google","url":"https://www.google.com","status":"up","datetime":"1/7/2026, 7:54:50 AM"}
{"name":"Google","url":"https://www.google.com","status":"up","datetime":"1/7/2026, 7:54:50 AM"}
{"name":"GitHub","url":"https://github.com","status":"up","datetime":"1/7/2026, 7:54:50 AM"}
{"name":"GitHub","url":"https://github.com","status":"up","datetime":"1/7/2026, 7:54:50 AM"}
{"name":"Observa","url":"https://observanow.com","status":"up","datetime":"1/7/2026, 7:54:50 AM"}
{"name":"Observa","url":"https://observanow.com","status":"up","datetime":"1/7/2026, 7:54:50 AM"}
{"name":"API Server","url":"http://20.29.187.121","status":"up","datetime":"1/7/2026, 7:54:51 AM"}
{"name":"API Server","url":"http://20.29.187.121","status":"up","datetime":"1/7/2026, 7:54:51 AM"}
{"name":"Observa API","url":"https://www.observanow.com/api2/","status":"up","datetime":"1/7/2026, 7:54:51 AM"}
{"name":"Observa API","url":"https://www.observanow.com/api2/","status":"up","datetime":"1/7/2026, 7:54:51 AM"}
{"name":"Observa Internal Company","url":"https://www.observanow.com/internal/company/","status":"up","datetime":"1/7/2026, 7:54:51 AM"}
{"name":"Observa Internal Company","url":"https://www.observanow.com/internal/company/","status":"up","datetime":"1/7/2026, 7:54:51 AM"}
{"name":"Google","url":"https://www.google.com","status":"up","datetime":"1/7/2026, 7:59:50 AM"}
{"name":"Google","url":"https://www.google.com","status":"up","datetime":"1/7/2026, 7:59:50 AM"}
{"name":"GitHub","url":"https://github.com","status":"up","datetime":"1/7/2026, 7:59:50 AM"}
{"name":"GitHub","url":"https://github.com","status":"up","datetime":"1/7/2026, 7:59:50 AM"}
{"name":"Observa","url":"https://observanow.com","status":"up","datetime":"1/7/2026, 7:59:50 AM"}
{"name":"Observa","url":"https://observanow.com","status":"up","datetime":"1/7/2026, 7:59:50 AM"}
{"name":"API Server","url":"http://20.29.187.121","status":"up","datetime":"1/7/2026, 7:59:50 AM"}
{"name":"API Server","url":"http://20.29.187.121","status":"up","datetime":"1/7/2026, 7:59:50 AM"}
{"name":"Observa API","url":"https://www.observanow.com/api2/","status":"up","datetime":"1/7/2026, 7:59:50 AM"}
{"name":"Observa API","url":"https://www.observanow.com/api2/","status":"up","datetime":"1/7/2026, 7:59:50 AM"}
{"name":"Observa Internal Company","url":"https://www.observanow.com/internal/company/","status":"up","datetime":"1/7/2026, 7:59:50 AM"}
{"name":"Observa Internal Company","url":"https://www.observanow.com/internal/company/","status":"up","datetime":"1/7/2026, 7:59:50 AM"}
